0
0x180
9C 0C 00 90 00 00 00 00

0
0x1A0
00 00 00 00 00 00 00 00

0
0x220
07 00 04 03 00 00 00 00

0
0x2B0
FF 8B 00 74 00 00 00 00

10
0x2B0
FF EC 10 03 00 00 00 00

20
0x180
35 0D 01 39 00 00 00 00

20
0x1A0
10 10 00 00 00 00 00 00

20
0x220
64 00 14 70 00 00 00 00

20
0x2B0
FF F2 20 2D 00 00 00 00

30
0x2B0
00 88 30 B8 00 00 00 00

40
0x180
EF 0D 02 E0 00 00 00 00

40
0x1A0
20 20 00 00 00 00 00 00

40
0x220
FE 00 24 DA 00 00 00 00

40
0x2B0
00 71 40 31 00 00 00 00

50
0x2B0
FF B9 50 16 00 00 00 00

60
0x180
2E 0E 03 23 00 00 00 00

60
0x1A0
30 30 00 00 00 00 00 00

60
0x220
54 01 34 61 00 00 00 00

60
0x2B0
00 00 60 60 00 00 00 00

70
0x2B0
FF A0 70 2F 00 00 00 00

80
0x180
F7 0E 04 FD 00 00 00 00

80
0x1A0
40 40 00 00 00 00 00 00

80
0x220
D9 01 44 9C 00 00 00 00

80
0x2B0
00 7C 80 FC 00 00 00 00

90
0x2B0
00 6F 90 FF 00 00 00 00

100
0x180
68 0F 05 62 00 00 00 00

100
0x1A0
50 50 00 00 00 00 00 00

100
0x220
75 02 54 23 00 00 00 00

100
0x2B0
FF C4 A0 9B 00 00 00 00

110
0x2B0
00 2A B0 9A 00 00 00 00

120
0x180
1E 10 06 08 00 00 00 00

120
0x1A0
60 60 00 00 00 00 00 00

120
0x220
D8 02 64 BE 00 00 00 00

120
0x2B0
00 21 C0 E1 00 00 00 00

130
0x2B0
FF 98 D0 B7 00 00 00 00

140
0x180
E1 10 07 F6 00 00 00 00

140
0x1A0
71 71 00 00 00 00 00 00

140
0x220
4B 03 74 3C 00 00 00 00

140
0x2B0
00 4F E0 AF 00 00 00 00

150
0x2B0
00 0C F0 FC 00 00 00 00

160
0x180
47 11 08 5E 00 00 00 00

160
0x1A0
81 81 00 00 00 00 00 00

160
0x220
CB 03 84 4C 00 00 00 00

160
0x2B0
00 54 00 54 00 00 00 00

170
0x2B0
00 09 10 19 00 00 00 00

180
0x180
FC 11 09 E4 00 00 00 00

180
0x1A0
91 91 00 00 00 00 00 00

180
0x220
4D 04 94 DD 00 00 00 00

180
0x2B0
FF 6A 20 B5 00 00 00 00

190
0x2B0
FF CB 30 04 00 00 00 00

200
0x180
D2 12 0A CA 00 00 00 00

200
0x1A0
A0 A0 00 00 00 00 00 00

200
0x220
C1 04 A4 61 00 00 00 00

200
0x2B0
FF 70 40 CF 00 00 00 00

210
0x2B0
00 81 50 D1 00 00 00 00

220
0x180
65 13 0B 7D 00 00 00 00

220
0x1A0
B0 B0 00 00 00 00 00 00

220
0x220
18 05 B4 A9 00 00 00 00

220
0x2B0
00 72 60 12 00 00 00 00

230
0x2B0
00 63 70 13 00 00 00 00

240
0x180
DE 13 0C C1 00 00 00 00

240
0x1A0
C0 C0 00 00 00 00 00 00

240
0x220
84 05 C4 45 00 00 00 00

240
0x2B0
FF C6 80 B9 00 00 00 00

250
0x2B0
FF 7B 90 14 00 00 00 00

260
0x180
AB 14 0D B2 00 00 00 00

260
0x1A0
D0 D0 00 00 00 00 00 00

260
0x220
0D 06 D4 DF 00 00 00 00

260
0x2B0
00 71 A0 D1 00 00 00 00

270
0x2B0
00 86 B0 36 00 00 00 00

280
0x180
65 15 0E 7E 00 00 00 00

280
0x1A0
E0 E0 00 00 00 00 00 00

280
0x220
82 06 E4 60 00 00 00 00

280
0x2B0
FF 84 C0 BB 00 00 00 00

290
0x2B0
FF FC D0 D3 00 00 00 00

300
0x180
A5 15 0F BF 00 00 00 00

300
0x1A0
F0 F0 00 00 00 00 00 00

300
0x220
F7 06 F4 05 00 00 00 00

300
0x2B0
FF 7F E0 60 00 00 00 00

310
0x2B0
00 4E F0 BE 00 00 00 00

320
0x180
A5 16 00 B3 00 00 00 00

320
0x1A0
00 00 00 00 00 00 00 00

320
0x220
9B 07 04 98 00 00 00 00

320
0x2B0
00 50 00 50 00 00 00 00

330
0x2B0
FF 91 10 7E 00 00 00 00

340
0x180
38 17 01 2E 00 00 00 00

340
0x1A0
11 11 00 00 00 00 00 00

340
0x220
0F 08 14 13 00 00 00 00

340
0x2B0
FF F9 20 26 00 00 00 00

350
0x2B0
00 0F 30 3F 00 00 00 00

360
0x180
AD 17 02 B8 00 00 00 00

360
0x1A0
21 21 00 00 00 00 00 00

360
0x220
65 08 24 49 00 00 00 00

360
0x2B0
FF BA 40 05 00 00 00 00

370
0x2B0
00 70 50 20 00 00 00 00

380
0x180
37 18 03 2C 00 00 00 00

380
0x1A0
31 31 00 00 00 00 00 00

380
0x220
F1 08 34 CD 00 00 00 00

380
0x2B0
FF E9 60 76 00 00 00 00

390
0x2B0
FF AA 70 25 00 00 00 00

400
0x180
37 19 04 2A 00 00 00 00

400
0x1A0
40 40 00 00 00 00 00 00

400
0x220
5A 09 44 17 00 00 00 00

420
0x180
8C 19 05 90 00 00 00 00

420
0x1A0
50 50 00 00 00 00 00 00

420
0x220
F1 09 54 AC 00 00 00 00

440
0x180
0F 1A 06 13 00 00 00 00

440
0x1A0
60 60 00 00 00 00 00 00

440
0x220
4E 0A 64 20 00 00 00 00

460
0x180
B0 1A 07 AD 00 00 00 00

460
0x1A0
70 70 00 00 00 00 00 00

460
0x220
BA 0A 74 C4 00 00 00 00

480
0x180
AA 1B 08 B9 00 00 00 00

480
0x1A0
80 80 00 00 00 00 00 00

480
0x220
31 0B 84 BE 00 00 00 00

500
0x180
2C 1C 09 39 00 00 00 00

500
0x1A0
90 90 00 00 00 00 00 00

500
0x220
BC 0B B4 03 00 00 00 00

520
0x180
E5 1C 0A F3 00 00 00 00

520
0x1A0
A0 A0 00 00 00 00 00 00

520
0x220
22 0C C4 EA 00 00 00 00

540
0x180
7C 1D 0B 6A 00 00 00 00

540
0x1A0
B1 B1 00 00 00 00 00 00

540
0x220
AD 0C D4 75 00 00 00 00

560
0x180
04 1E 0C 16 00 00 00 00

560
0x1A0
C1 C1 00 00 00 00 00 00

560
0x220
38 0D E4 D1 00 00 00 00

580
0x180
D9 1E 0D CA 00 00 00 00

580
0x1A0
D1 D1 00 00 00 00 00 00

580
0x220
92 0D F4 6B 00 00 00 00

600
0x180
31 1F 0E DF 00 00 00 00

600
0x1A0
E0 E0 00 00 00 00 00 00

600
0x220
FF 0D 04 F6 00 00 00 00

620
0x180
E6 1F 0F F6 00 00 00 00

620
0x1A0
F0 F0 00 00 00 00 00 00

620
0x220
A6 0E 14 BC 00 00 00 00

640
0x180
A8 20 00 88 00 00 00 00

640
0x1A0
00 00 00 00 00 00 00 00

640
0x220
01 0F 24 2A 00 00 00 00

660
0x180
2E 21 01 0E 00 00 00 00

660
0x1A0
10 10 00 00 00 00 00 00

660
0x220
5F 0F 34 64 00 00 00 00

680
0x180
EB 21 02 C8 00 00 00 00

680
0x1A0
20 20 00 00 00 00 00 00

680
0x220
D5 0F 44 9E 00 00 00 00

700
0x180
69 22 03 48 00 00 00 00

700
0x1A0
30 30 00 00 00 00 00 00

700
0x220
51 10 54 15 00 00 00 00

700
0x2B0
00 06 80 86 00 00 00 00

710
0x2B0
00 22 90 B2 00 00 00 00

720
0x180
19 23 04 3E 00 00 00 00

720
0x1A0
40 40 00 00 00 00 00 00

720
0x220
E8 10 64 9C 00 00 00 00

720
0x2B0
FF D3 A0 8C 00 00 00 00

730
0x2B0
FF E4 B0 AB 00 00 00 00

740
0x180
69 23 05 4F 00 00 00 00

740
0x1A0
51 51 00 00 00 00 00 00

740
0x220
6A 11 74 0F 00 00 00 00

740
0x2B0
00 4A C0 8A 00 00 00 00

750
0x2B0
00 16 D0 C6 00 00 00 00

760
0x180
1F 24 06 3D 00 00 00 00

760
0x1A0
61 61 00 00 00 00 00 00

760
0x220
CB 11 84 5E 00 00 00 00

760
0x2B0
FF F7 E0 E8 00 00 00 00

770
0x2B0
00 03 F0 F3 00 00 00 00

780
0x180
C7 24 07 E4 00 00 00 00

780
0x1A0
71 71 00 00 00 00 00 00

780
0x220
2E 12 94 A8 00 00 00 00

780
0x2B0
FF C7 00 38 00 00 00 00

790
0x2B0
FF D7 10 38 00 00 00 00

800
0x180
4E 25 08 63 00 00 00 00

800
0x1A0
80 80 00 00 00 00 00 00

800
0x220
B9 12 A4 0F 00 00 00 00

800
0x2B0
FF E8 20 37 00 00 00 00

810
0x2B0
00 0D 30 3D 00 00 00 00

820
0x180
00 26 09 2F 00 00 00 00

820
0x1A0
90 90 00 00 00 00 00 00

820
0x220
56 13 B4 F1 00 00 00 00

820
0x2B0
FF D8 40 67 00 00 00 00

830
0x2B0
FF D6 50 79 00 00 00 00

840
0x180
90 26 0A BC 00 00 00 00

840
0x1A0
A0 A0 00 00 00 00 00 00

840
0x220
B2 13 C4 65 00 00 00 00

840
0x2B0
FF C0 60 5F 00 00 00 00

850
0x2B0
00 14 70 64 00 00 00 00

860
0x180
45 27 0B 69 00 00 00 00

860
0x1A0
B0 B0 00 00 00 00 00 00

860
0x220
44 14 D4 84 00 00 00 00

860
0x2B0
FF D7 80 A8 00 00 00 00

870
0x2B0
00 3D 90 AD 00 00 00 00

880
0x180
10 28 0C 34 00 00 00 00

880
0x1A0
C0 C0 00 00 00 00 00 00

880
0x220
B6 14 E4 46 00 00 00 00

880
0x2B0
00 36 A0 96 00 00 00 00

890
0x2B0
FF C0 B0 8F 00 00 00 00

900
0x180
90 28 0D B5 00 00 00 00

900
0x1A0
D0 D0 00 00 00 00 00 00

900
0x220
FB 14 F4 1B 00 00 00 00

900
0x2B0
FF D9 C0 E6 00 00 00 00

910
0x2B0
00 19 D0 C9 00 00 00 00

920
0x180
30 29 0E 17 00 00 00 00

920
0x1A0
E0 E0 00 00 00 00 00 00

920
0x220
9D 15 04 8C 00 00 00 00

920
0x2B0
FF D5 E0 CA 00 00 00 00

930
0x2B0
FF C9 F0 C6 00 00 00 00

940
0x180
BD 29 0F 9B 00 00 00 00

940
0x1A0
F1 F1 00 00 00 00 00 00

940
0x220
13 16 14 11 00 00 00 00

940
0x2B0
00 41 00 41 00 00 00 00

950
0x2B0
00 0B 10 1B 00 00 00 00

960
0x180
64 2A 00 4E 00 00 00 00

960
0x1A0
01 01 00 00 00 00 00 00

960
0x220
82 16 24 B0 00 00 00 00

960
0x2B0
FF FC 20 23 00 00 00 00

970
0x2B0
00 2B 30 1B 00 00 00 00

980
0x180
54 2B 01 7E 00 00 00 00

980
0x1A0
11 11 00 00 00 00 00 00

980
0x220
EA 16 34 C8 00 00 00 00

980
0x2B0
00 2E 40 6E 00 00 00 00

990
0x2B0
FF D2 50 7D 00 00 00 00

1000
0x180
D2 2B 02 FB 00 00 00 00

1000
0x1A0
20 20 00 00 00 00 00 00

1000
0x220
78 17 44 2B 00 00 00 00

1000
0x2B0
FF C4 60 5B 00 00 00 00

